spusten editor s: /.sanitized./: (hash da427fd)
spusten editor s: /.sanitized./  (hash da427fd)
spusten editor s: /.sanitized./# (hash da427fd)
spusten editor s: /.sanitized./@ (hash da427fd)
spusten editor s: /.sanitized./$ (hash da427fd)
spusten editor s: /.sanitized./& (hash da427fd)
spusten editor s: /.sanitized./$ (hash da427fd)
spusten editor s: /.sanitized./* (hash da427fd)
spusten editor s: /.sanitized./( (hash da427fd)
